// Vitest Snapshot v1

exports[`Select > should render correctly with options 1`] = `
<div>
  <div
    class="chakra-select__wrapper css-42b2qy"
  >
    <select
      class="chakra-select css-otbowv"
    >
      <option
        value="value"
      >
        label
      </option>
    </select>
    <div
      class="chakra-select__icon-wrapper css-162mkon"
    >
      <svg
        aria-hidden="true"
        class="chakra-select__icon"
        focusable="false"
        role="presentation"
        style="width: 1em; height: 1em; color: currentColor;"
        viewBox="0 0 24 24"
      >
        <path
          d="M16.59 8.59L12 13.17 7.41 8.59 6 10l6 6 6-6z"
          fill="currentColor"
        />
      </svg>
    </div>
  </div>
</div>
`;
